// Jest Snapshot v1, https://goo.gl/fbAQLP

exports[`(Atom) TextInput deber√≠a ser igual al snapshot 1`] = `
<div>
  <label
    class="flex flex-col mb-6 text-base"
  >
    <span />
    <input
      placeholder="Ingrese su nombre"
      type="text"
      value=""
    />
  </label>
</div>
`;
